09:16:57 **** Build of configuration Debug for project BRAM_Filler ****
make pre-build main-build 
a9-linaro-pre-build-step
 
Building file: ../src/main.c
Invoking: ARM v7 gcc compiler
arm-none-eabi-gcc -Wall -O0 -g3 -c -fmessage-length=0 -MT"src/main.o" -mcpu=cortex-a9 -mfpu=vfpv3 -mfloat-abi=hard -I../../BRAM_Filler_bsp/ps7_cortexa9_0/include -MMD -MP -MF"src/main.d" -MT"src/main.o" -o "src/main.o" "../src/main.c"
Finished building: ../src/main.c
 
Building target: BRAM_Filler.elf
Invoking: ARM v7 gcc linker
arm-none-eabi-gcc -mcpu=cortex-a9 -mfpu=vfpv3 -mfloat-abi=hard -Wl,-build-id=none -specs=Xilinx.spec -Wl,-T -Wl,../src/lscript.ld -L../../BRAM_Filler_bsp/ps7_cortexa9_0/lib -o "BRAM_Filler.elf"  ./src/main.o   -Wl,--start-group,-lxil,-lgcc,-lc,--end-group
Finished building target: BRAM_Filler.elf
 
Invoking: ARM v7 Print Size
arm-none-eabi-size BRAM_Filler.elf  |tee "BRAM_Filler.elf.size"
   text	   data	    bss	    dec	    hex	filename
  29588	   1544	  23256	  54388	   d474	BRAM_Filler.elf
Finished building: BRAM_Filler.elf.size
 

09:16:59 Build Finished (took 2s.113ms)

